// Jest Snapshot v1, https://goo.gl/fbAQLP

exports[`LoadingScreen Layout should render properly 1`] = `ShallowWrapper {}`;
