// Jest Snapshot v1, https://goo.gl/fbAQLP

exports[`ScaleRadioButtons Layout should render properly 1`] = `ShallowWrapper {}`;
