// Jest Snapshot v1, https://goo.gl/fbAQLP

exports[`WeatherBarChart Layout should render properly 1`] = `ShallowWrapper {}`;
