// Jest Snapshot v1, https://goo.gl/fbAQLP

exports[`WeatherCardsList Layout should render properly 1`] = `ShallowWrapper {}`;
