// Jest Snapshot v1, https://goo.gl/fbAQLP

exports[`App Layout should render properly 1`] = `ShallowWrapper {}`;
