// Jest Snapshot v1, https://goo.gl/fbAQLP

exports[`WeatherCard Layout should render properly 1`] = `ShallowWrapper {}`;
